RAM Allocation [bytes]
Variable                                                                          Address   Size
------------------------------------------------------------------------------------------------
_base_y (alcd.lib)                                                                0x0260       4

EEPROM Allocation [bytes]
Variable                                                                          Address   Size
------------------------------------------------------------------------------------------------

Register Allocation
Variable                                                                          Register  Size
------------------------------------------------------------------------------------------------
_lcd_x                                                                            R5           1
_lcd_y                                                                            R4           1
_lcd_maxx                                                                         R7           1

FLASH Allocation [words]
Function                                                                          Address   Size
------------------------------------------------------------------------------------------------
main                                                                              0x00071    123
_lcd_write_nibble_G100                                                            0x000EC     21
_lcd_write_data                                                                   0x00101     14
lcd_gotoxy                                                                        0x0010F     18
lcd_clear                                                                         0x00121     10
lcd_putchar                                                                       0x0012B     19
lcd_putsf                                                                         0x0013E     15
lcd_init                                                                          0x0014D     43
